
> stm-customer@0.1.0 build
> prisma generate && next build

Loaded Prisma config from prisma.config.ts.

Prisma schema loaded from prisma/schema.prisma.

✔ Generated Prisma Client (v7.2.0) to ./node_modules/@prisma/client in 1.23s

Start by importing your Prisma Client (See: https://pris.ly/d/importing-client)

Tip: Interested in query caching in just a few lines of code? Try Accelerate today! https://pris.ly/tip-3-accelerate

   ▲ Next.js 15.5.9
   - Environments: .env

   Creating an optimized production build ...
 ✓ Compiled successfully in 52s
   Skipping validation of types
   Skipping linting
   Collecting page data ...
   Generating static pages (0/286) ...
   Generating static pages (71/286) 
   Generating static pages (142/286) 
The width(-1) and height(-1) of chart should be greater than 0,
       please check the style of container, or the props width(100%) and height(100%),
       or add a minWidth(0) or minHeight(undefined) or use aspect(undefined) to control the
       height and width.
The width(-1) and height(-1) of chart should be greater than 0,
       please check the style of container, or the props width(100%) and height(100%),
       or add a minWidth(0) or minHeight(undefined) or use aspect(undefined) to control the
       height and width.
   Generating static pages (214/286) 
 ⨯ useSearchParams() should be wrapped in a suspense boundary at page "/dashboard/hr-management/increments/new". Read more: https://nextjs.org/docs/messages/missing-suspense-with-csr-bailout
    at g (/home/itb-09/Desktop/dp 16 jan 2025/architecture/stmCustomer/.next/server/chunks/3209.js:1:85316)
    at m (/home/itb-09/Desktop/dp 16 jan 2025/architecture/stmCustomer/.next/server/chunks/3209.js:9:17079)
    at n (/home/itb-09/Desktop/dp 16 jan 2025/architecture/stmCustomer/.next/server/app/dashboard/hr-management/increments/new/page.js:2:11450)
    at n3 (/home/itb-09/Desktop/dp 16 jan 2025/architecture/stmCustomer/node_modules/next/dist/compiled/next-server/app-page.runtime.prod.js:2:82831)
    at n6 (/home/itb-09/Desktop/dp 16 jan 2025/architecture/stmCustomer/node_modules/next/dist/compiled/next-server/app-page.runtime.prod.js:2:84601)
    at n5 (/home/itb-09/Desktop/dp 16 jan 2025/architecture/stmCustomer/node_modules/next/dist/compiled/next-server/app-page.runtime.prod.js:2:104801)
    at n7 (/home/itb-09/Desktop/dp 16 jan 2025/architecture/stmCustomer/node_modules/next/dist/compiled/next-server/app-page.runtime.prod.js:2:102219)
    at n8 (/home/itb-09/Desktop/dp 16 jan 2025/architecture/stmCustomer/node_modules/next/dist/compiled/next-server/app-page.runtime.prod.js:2:83183)
    at n6 (/home/itb-09/Desktop/dp 16 jan 2025/architecture/stmCustomer/node_modules/next/dist/compiled/next-server/app-page.runtime.prod.js:2:84647)
    at n6 (/home/itb-09/Desktop/dp 16 jan 2025/architecture/stmCustomer/node_modules/next/dist/compiled/next-server/app-page.runtime.prod.js:2:101560)
Error occurred prerendering page "/dashboard/hr-management/increments/new". Read more: https://nextjs.org/docs/messages/prerender-error
Export encountered an error on /dashboard/hr-management/increments/new/page: /dashboard/hr-management/increments/new, exiting the build.
 ⨯ Next.js build worker exited with code: 1 and signal: null
